  Determining projects to restore...
  All projects are up-to-date for restore.
  Product.Domain -> D:\CredenceAI\ProductService\Product.Domain\bin\Debug\net9.0\Product.Domain.dll
  Product.Application -> D:\CredenceAI\ProductService\Product.Application\bin\Debug\net9.0\Product.Application.dll
D:\CredenceAI\ProductService\Product.Infrastructure\DependencyInjection.cs(2,28): error CS0234: The type or namespace name 'Configuration' does not exist in the namespace 'Microsoft.Extensions' (are you missing an assembly reference?) [D:\CredenceAI\ProductService\Product.Infrastructure\Product.Infrastructure.csproj]
D:\CredenceAI\ProductService\Product.Infrastructure\Persistence\MongoDbContext.cs(1,28): error CS0234: The type or namespace name 'Configuration' does not exist in the namespace 'Microsoft.Extensions' (are you missing an assembly reference?) [D:\CredenceAI\ProductService\Product.Infrastructure\Product.Infrastructure.csproj]
D:\CredenceAI\ProductService\Product.Infrastructure\DependencyInjection.cs(11,94): error CS0246: The type or namespace name 'IConfiguration' could not be found (are you missing a using directive or an assembly reference?) [D:\CredenceAI\ProductService\Product.Infrastructure\Product.Infrastructure.csproj]
D:\CredenceAI\ProductService\Product.Infrastructure\Persistence\MongoDbContext.cs(11,31): error CS0246: The type or namespace name 'IConfiguration' could not be found (are you missing a using directive or an assembly reference?) [D:\CredenceAI\ProductService\Product.Infrastructure\Product.Infrastructure.csproj]

Build FAILED.

D:\CredenceAI\ProductService\Product.Infrastructure\DependencyInjection.cs(2,28): error CS0234: The type or namespace name 'Configuration' does not exist in the namespace 'Microsoft.Extensions' (are you missing an assembly reference?) [D:\CredenceAI\ProductService\Product.Infrastructure\Product.Infrastructure.csproj]
D:\CredenceAI\ProductService\Product.Infrastructure\Persistence\MongoDbContext.cs(1,28): error CS0234: The type or namespace name 'Configuration' does not exist in the namespace 'Microsoft.Extensions' (are you missing an assembly reference?) [D:\CredenceAI\ProductService\Product.Infrastructure\Product.Infrastructure.csproj]
D:\CredenceAI\ProductService\Product.Infrastructure\DependencyInjection.cs(11,94): error CS0246: The type or namespace name 'IConfiguration' could not be found (are you missing a using directive or an assembly reference?) [D:\CredenceAI\ProductService\Product.Infrastructure\Product.Infrastructure.csproj]
D:\CredenceAI\ProductService\Product.Infrastructure\Persistence\MongoDbContext.cs(11,31): error CS0246: The type or namespace name 'IConfiguration' could not be found (are you missing a using directive or an assembly reference?) [D:\CredenceAI\ProductService\Product.Infrastructure\Product.Infrastructure.csproj]
    0 Warning(s)
    4 Error(s)

Time Elapsed 00:00:00.66

Workload updates are available. Run `dotnet workload list` for more information.
